[    3945ms] [LOG] Started @ https://nox.autos/_next/static/chunks/app/layout-aba11b450f3f6da7.js:0
[    3951ms] [LOG] REPORT_LISTENER_WINDOW_ADD_SUCCESS @ https://nox.autos/_next/static/chunks/app/layout-aba11b450f3f6da7.js:0
[    4137ms] [LOG] Success {fp: null, fp_identifier: null} @ https://nox.autos/_next/static/chunks/app/layout-aba11b450f3f6da7.js:0
[    4189ms] [ERROR] Not allowed to load local resource: chrome://branding/content/about-wordmark.svg @ https://nox.autos/report/ff977859-be06-4ced-a1d9-e8b2407e7e64?prevPage=%2Fsearch:0
[    4720ms] [LOG] REPORT_TOKEN_RECEIVED_ORIGIN_MATCH MessageEvent @ https://nox.autos/_next/static/chunks/app/layout-aba11b450f3f6da7.js:0
[    4720ms] [LOG] REPORT_TOKEN_RECEIVED_PAYLOAD_VALID @ https://nox.autos/_next/static/chunks/app/layout-aba11b450f3f6da7.js:0
[    4720ms] [LOG] REPORT_TOKEN_RECEIVED_TOKEN_EXIST @ https://nox.autos/_next/static/chunks/app/layout-aba11b450f3f6da7.js:0
[    4721ms] [LOG] REPORT_IFRAME_LOADED @ https://nox.autos/_next/static/chunks/app/layout-aba11b450f3f6da7.js:0
[    4722ms] [LOG] REPORT_TOKEN_REQUESTED_IFRAME_SUCCESS @ https://nox.autos/_next/static/chunks/app/layout-aba11b450f3f6da7.js:0
[    4732ms] [LOG] REPORT_TOKEN_RECEIVED_ORIGIN_MATCH MessageEvent @ https://nox.autos/_next/static/chunks/app/layout-aba11b450f3f6da7.js:0
[    4732ms] [LOG] REPORT_TOKEN_RECEIVED_PAYLOAD_VALID @ https://nox.autos/_next/static/chunks/app/layout-aba11b450f3f6da7.js:0
[    4732ms] [LOG] REPORT_TOKEN_RECEIVED_TOKEN_EXIST @ https://nox.autos/_next/static/chunks/app/layout-aba11b450f3f6da7.js:0
[    4909ms] [LOG] REPORT_TOKEN_RECEIVED_TOKEN_VALID @ https://nox.autos/_next/static/chunks/app/layout-aba11b450f3f6da7.js:0
[    4910ms] [LOG] REPORT_TOKEN_RECEIVED_SUCCESS MessageEvent @ https://nox.autos/_next/static/chunks/app/layout-aba11b450f3f6da7.js:0
[    5121ms] [LOG] REPORT_TOKEN_RECEIVED_TOKEN_VALID @ https://nox.autos/_next/static/chunks/app/layout-aba11b450f3f6da7.js:0
[    5378ms] [LOG] Started @ https://nox.autos/_next/static/chunks/app/layout-aba11b450f3f6da7.js:0
[    5394ms] [LOG] REPORT_LISTENER_WINDOW_ADD_SUCCESS @ https://nox.autos/_next/static/chunks/app/layout-aba11b450f3f6da7.js:0
[    5466ms] [LOG] Success {fp: null, fp_identifier: null} @ https://nox.autos/_next/static/chunks/app/layout-aba11b450f3f6da7.js:0
[    5483ms] [ERROR] Not allowed to load local resource: chrome://branding/content/about-wordmark.svg @ https://nox.autos/report/ff977859-be06-4ced-a1d9-e8b2407e7e64?prevPage=%2Fsearch:0
[   80015ms] [ERROR] Failed to load resource: net::ERR_SOCKET_NOT_CONNECTED @ https://pp.userapi.com/c636923/v636923966/3448f/nEKOI6p0NBI.jpg:0
