[    4165ms] [LOG] Started @ https://nox.taxi/_next/static/chunks/app/layout-aba11b450f3f6da7.js:0
[    4170ms] [LOG] MAIN_LISTENER_INIT_START @ https://nox.taxi/_next/static/chunks/app/layout-aba11b450f3f6da7.js:0
[    4170ms] [LOG] MAIN_LISTENER_WINDOW_ADD_SUCCESS @ https://nox.taxi/_next/static/chunks/app/layout-aba11b450f3f6da7.js:0
[    4170ms] [LOG] MAIN_LISTENER_INIT_SUCCESS @ https://nox.taxi/_next/static/chunks/app/layout-aba11b450f3f6da7.js:0
[    4317ms] [LOG] Success {fp: null, fp_identifier: null} @ https://nox.taxi/_next/static/chunks/app/layout-aba11b450f3f6da7.js:0
[    4690ms] [ERROR] Not allowed to load local resource: chrome://branding/content/about-wordmark.svg @ https://nox.taxi/login?redirect=%2Fsearch:0
[    5177ms] [ERROR] Failed to load resource: the server responded with a status of 401 () @ https://nox.taxi/api/v2/rest/accounts/current-account:0
[    5179ms] [VERBOSE] [DOM] Input elements should have autocomplete attributes (suggested: "current-password"): (More info: https://goo.gl/9p2vKq) %o @ https://nox.taxi/login?redirect=%2Fsearch:0
[    8853ms] [WARNING] The resource https://nox.taxi/_next/static/css/198c4685cda10121.css was preloaded using link preload but not used within a few seconds from the window's load event. Please make sure it has an appropriate `as` value and it is preloaded intentionally. @ https://nox.taxi/login?redirect=%2Fsearch:0
[    8853ms] [WARNING] The resource https://nox.taxi/_next/static/css/5919e5389037bc42.css was preloaded using link preload but not used within a few seconds from the window's load event. Please make sure it has an appropriate `as` value and it is preloaded intentionally. @ https://nox.taxi/login?redirect=%2Fsearch:0
[   25802ms] [WARNING] The resource https://nox.taxi/_next/static/css/4458ab076d79401f.css was preloaded using link preload but not used within a few seconds from the window's load event. Please make sure it has an appropriate `as` value and it is preloaded intentionally. @ https://nox.taxi/login?redirect=%2Fsearch:0
[   25802ms] [WARNING] The resource https://nox.taxi/_next/static/css/198c4685cda10121.css was preloaded using link preload but not used within a few seconds from the window's load event. Please make sure it has an appropriate `as` value and it is preloaded intentionally. @ https://nox.taxi/login?redirect=%2Fsearch:0
[   25802ms] [WARNING] The resource https://nox.taxi/_next/static/css/5919e5389037bc42.css was preloaded using link preload but not used within a few seconds from the window's load event. Please make sure it has an appropriate `as` value and it is preloaded intentionally. @ https://nox.taxi/login?redirect=%2Fsearch:0
[   25802ms] [WARNING] The resource https://nox.taxi/_next/static/css/317353e7c3e1be7e.css was preloaded using link preload but not used within a few seconds from the window's load event. Please make sure it has an appropriate `as` value and it is preloaded intentionally. @ https://nox.taxi/login?redirect=%2Fsearch:0
[   25802ms] [WARNING] The resource https://nox.taxi/_next/static/css/a6393b44ffa85e3b.css was preloaded using link preload but not used within a few seconds from the window's load event. Please make sure it has an appropriate `as` value and it is preloaded intentionally. @ https://nox.taxi/login?redirect=%2Fsearch:0
[   25802ms] [WARNING] The resource https://nox.taxi/_next/static/css/bdbc8fb997805fc0.css was preloaded using link preload but not used within a few seconds from the window's load event. Please make sure it has an appropriate `as` value and it is preloaded intentionally. @ https://nox.taxi/login?redirect=%2Fsearch:0
[   26719ms] [ERROR] Failed to load resource: the server responded with a status of 403 () @ https://nox.taxi/api/v1/banners/list:0
[   29770ms] [WARNING] The resource https://nox.taxi/_next/static/css/198c4685cda10121.css was preloaded using link preload but not used within a few seconds from the window's load event. Please make sure it has an appropriate `as` value and it is preloaded intentionally. @ https://nox.taxi/search:0
[   29770ms] [WARNING] The resource https://nox.taxi/_next/static/css/5919e5389037bc42.css was preloaded using link preload but not used within a few seconds from the window's load event. Please make sure it has an appropriate `as` value and it is preloaded intentionally. @ https://nox.taxi/search:0
[   37950ms] [ERROR] Failed to load resource: the server responded with a status of 403 () @ https://nox.taxi/api/v1/banners/list:0
[   41090ms] [WARNING] The resource https://nox.taxi/_next/static/css/198c4685cda10121.css was preloaded using link preload but not used within a few seconds from the window's load event. Please make sure it has an appropriate `as` value and it is preloaded intentionally. @ https://nox.taxi/search?tab=NOX_REPORT_BY_FIO:0
[   41090ms] [WARNING] The resource https://nox.taxi/_next/static/css/5919e5389037bc42.css was preloaded using link preload but not used within a few seconds from the window's load event. Please make sure it has an appropriate `as` value and it is preloaded intentionally. @ https://nox.taxi/search?tab=NOX_REPORT_BY_FIO:0
[   50079ms] [WARNING] The resource https://nox.taxi/_next/static/css/198c4685cda10121.css was preloaded using link preload but not used within a few seconds from the window's load event. Please make sure it has an appropriate `as` value and it is preloaded intentionally. @ https://nox.taxi/search?tab=NOX_REPORT_BY_FIO:0
[   50079ms] [WARNING] The resource https://nox.taxi/_next/static/css/5919e5389037bc42.css was preloaded using link preload but not used within a few seconds from the window's load event. Please make sure it has an appropriate `as` value and it is preloaded intentionally. @ https://nox.taxi/search?tab=NOX_REPORT_BY_FIO:0
[   60289ms] [WARNING] The resource https://nox.taxi/_next/static/css/198c4685cda10121.css was preloaded using link preload but not used within a few seconds from the window's load event. Please make sure it has an appropriate `as` value and it is preloaded intentionally. @ https://nox.taxi/search?tab=NOX_REPORT_BY_FIO:0
[   60289ms] [WARNING] The resource https://nox.taxi/_next/static/css/5919e5389037bc42.css was preloaded using link preload but not used within a few seconds from the window's load event. Please make sure it has an appropriate `as` value and it is preloaded intentionally. @ https://nox.taxi/search?tab=NOX_REPORT_BY_FIO:0
[   70474ms] [WARNING] The resource https://nox.taxi/_next/static/css/198c4685cda10121.css was preloaded using link preload but not used within a few seconds from the window's load event. Please make sure it has an appropriate `as` value and it is preloaded intentionally. @ https://nox.taxi/search?tab=NOX_REPORT_BY_FIO:0
[   70474ms] [WARNING] The resource https://nox.taxi/_next/static/css/5919e5389037bc42.css was preloaded using link preload but not used within a few seconds from the window's load event. Please make sure it has an appropriate `as` value and it is preloaded intentionally. @ https://nox.taxi/search?tab=NOX_REPORT_BY_FIO:0
[   81123ms] [WARNING] The resource https://nox.taxi/_next/static/css/198c4685cda10121.css was preloaded using link preload but not used within a few seconds from the window's load event. Please make sure it has an appropriate `as` value and it is preloaded intentionally. @ https://nox.taxi/search?tab=NOX_REPORT_BY_FIO:0
[   81123ms] [WARNING] The resource https://nox.taxi/_next/static/css/5919e5389037bc42.css was preloaded using link preload but not used within a few seconds from the window's load event. Please make sure it has an appropriate `as` value and it is preloaded intentionally. @ https://nox.taxi/search?tab=NOX_REPORT_BY_FIO:0
[   91412ms] [WARNING] The resource https://nox.taxi/_next/static/css/198c4685cda10121.css was preloaded using link preload but not used within a few seconds from the window's load event. Please make sure it has an appropriate `as` value and it is preloaded intentionally. @ https://nox.taxi/search?tab=NOX_REPORT_BY_FIO:0
[   91412ms] [WARNING] The resource https://nox.taxi/_next/static/css/5919e5389037bc42.css was preloaded using link preload but not used within a few seconds from the window's load event. Please make sure it has an appropriate `as` value and it is preloaded intentionally. @ https://nox.taxi/search?tab=NOX_REPORT_BY_FIO:0
[  101942ms] [WARNING] The resource https://nox.taxi/_next/static/css/198c4685cda10121.css was preloaded using link preload but not used within a few seconds from the window's load event. Please make sure it has an appropriate `as` value and it is preloaded intentionally. @ https://nox.taxi/search?tab=NOX_REPORT_BY_FIO:0
[  101942ms] [WARNING] The resource https://nox.taxi/_next/static/css/5919e5389037bc42.css was preloaded using link preload but not used within a few seconds from the window's load event. Please make sure it has an appropriate `as` value and it is preloaded intentionally. @ https://nox.taxi/search?tab=NOX_REPORT_BY_FIO:0
